───────────────────────────── coordinator · turn 1 ─────────────────────────────

Let me research that for you.
╭─ coordinator → web_search ───────────────────────────────────────────────────╮
│ query        history of the internet                                         │
│ max_results  5                                                               │
╰──────────────────────────────────────────────────────────────────────────────╯

    claude-sonnet-4-5 · 1,200 in · 800 cached · 350 out · 200 thinking · $0.0043

╭─ agent ← coordinator ────────────────────────────────────────────────────────╮
│ 1. ARPANET (1969): First network to use packet switching                     │
│ 2. TCP/IP (1983): Standard protocol adopted                                  │
│ 3. World Wide Web (1991): Tim Berners-Lee at CERN                            │
╰──────────────────────────────────────────────────────────────────────────────╯

───────────────────────────── coordinator · turn 2 ─────────────────────────────

╭─ coordinator → write_document ───────────────────────────────────────────────╮
│ title    Internet History                                                    │
│ content  The Internet traces its origins to ARPANET...                       │
│ format   markdown                                                            │
╰──────────────────────────────────────────────────────────────────────────────╯

      claude-sonnet-4-5 · 2,100 in · 1,500 cached · 180 out · $0.0067  Σ $0.0110

╭─ agent ← coordinator ────────────────────────────────────────────────────────╮
│ Document saved: internet_history.md                                          │
╰──────────────────────────────────────────────────────────────────────────────╯

╭─ coordinator → publish ──────────────────────────────────────────────────────╮
│ target  blog                                                                 │
╰──────────────────────────────────────────────────────────────────────────────╯

╭─ publish ────────────────────────────────────────────────────────────────────╮
│ ✗ Authentication failed: invalid API key                                     │
╰──────────────────────────────────────────────────────────────────────────────╯
stopped: max_turns
